// Jest Snapshot v1, https://goo.gl/fbAQLP

exports[`should render the Character 1`] = `
<div>
  <figure>
    <img
      alt="fred"
      src="someurl"
    />
    <figcaption>
      <h3>
        fred
      </h3>
      <p>
        ape
      </p>
      <p>
        Status: 
        dead
      </p>
    </figcaption>
  </figure>
</div>
`;
