// Jest Snapshot v1, https://goo.gl/fbAQLP

exports[`should render the Character 1`] = `
<div>
  <ul
    aria-label="characters"
    class="list"
  >
    <li
      class="item"
    >
      <a
        href="/characters/undefined"
      >
        <figure>
          <img
            alt="fred"
            class="image"
            src="someurl"
          />
          <figcaption
            class="linkText"
          >
            fred
          </figcaption>
        </figure>
      </a>
    </li>
  </ul>
</div>
`;
